kevo@Linux:~/devops-practice$ docker co
commit     (Create a new image from a container's changes)
compose    (Docker Compose)
config     (Manage Swarm configs)
container  (Manage containers)
context    (Manage contexts)
kevo@Linux:~/devops-practice$ docker compose up -d --build
[+] Running 15/15
 ✔ db Pulled                                                                                                      85.1s
   ✔ 26c307b5e35a Pull complete                                                                                   34.7s
   ✔ bc896de4a313 Pull complete                                                                                   34.7s
   ✔ 21b1510e6796 Pull complete                                                                                   35.8s
   ✔ 1d943b076b0f Pull complete                                                                                   35.9s
   ✔ c66dedc53722 Pull complete                                                                                   39.7s
   ✔ 6a61619bdfd1 Pull complete                                                                                   40.5s
   ✔ 0a30060dfa56 Pull complete                                                                                   40.6s
   ✔ 10e14a8b4766 Pull complete                                                                                   40.8s
   ✔ 24ae71c6470d Pull complete                                                                                   82.7s
   ✔ 572343b36a41 Pull complete                                                                                   82.9s
   ✔ bc0701afb397 Pull complete                                                                                   83.0s
   ✔ d015a9a5b43f Pull complete                                                                                   83.0s
   ✔ 5724f2481726 Pull complete                                                                                   83.1s
   ✔ 5d59b154e183 Pull complete                                                                                   83.2s
[+] Building 22.4s (12/12) FINISHED
 => [internal] load local bake definitions                                                                         0.0s
 => => reading from stdin 354B                                                                                     0.0s
 => [internal] load build definition from Dockerfile                                                               0.0s
 => => transferring dockerfile: 258B                                                                               0.0s
 => [internal] load metadata for docker.io/library/python:3.12-slim                                                1.5s
 => [internal] load .dockerignore                                                                                  0.0s
 => => transferring context: 69B                                                                                   0.0s
 => [1/5] FROM docker.io/library/python:3.12-slim@sha256:229a2c5bfa27522db7815ea81f9bed70af17ccb9de9fc7ad142b187  10.4s
 => => resolve docker.io/library/python:3.12-slim@sha256:229a2c5bfa27522db7815ea81f9bed70af17ccb9de9fc7ad142b1877  0.2s
 => => sha256:54a0b2beae90fe14c2131f1e880e1388c9df77390bc260d7317e589765e064e8 5.64kB / 5.64kB                     0.0s
 => => sha256:5a31db4cd47898e862a567028aa41f7a11d814cf69be6904173402a8b8eac5cb 1.29MB / 1.29MB                     0.3s
 => => sha256:c85ad0bcaca895afa08053538ec1ea7642c7e9e05f5684d18e3627a2316ca8ae 12.11MB / 12.11MB                   2.4s
 => => sha256:b3c7a9bdb4f2a30d0a1358438d1539c06b86da99135cfd9d92756863cc87ae18 249B / 249B                         0.8s
 => => sha256:229a2c5bfa27522db7815ea81f9bed70af17ccb9de9fc7ad142b1877b5830d36 10.37kB / 10.37kB                   0.0s
 => => sha256:d657ab0ade19f404a6ccc883ab399540de667aff751748ce23c07330c5a89e64 1.75kB / 1.75kB                     0.0s
 => => extracting sha256:5a31db4cd47898e862a567028aa41f7a11d814cf69be6904173402a8b8eac5cb                          2.6s
 => => extracting sha256:c85ad0bcaca895afa08053538ec1ea7642c7e9e05f5684d18e3627a2316ca8ae                          6.2s
 => => extracting sha256:b3c7a9bdb4f2a30d0a1358438d1539c06b86da99135cfd9d92756863cc87ae18                          0.0s
 => [internal] load build context                                                                                  0.1s
 => => transferring context: 1.70kB                                                                                0.0s
 => [2/5] WORKDIR /app                                                                                             0.7s
 => [3/5] COPY requirements_long.txt .                                                                             0.1s
 => [4/5] RUN pip install -r requirements_long.txt                                                                 8.2s
 => [5/5] COPY . .                                                                                                 0.6s
 => exporting to image                                                                                             0.6s
 => => exporting layers                                                                                            0.6s
 => => writing image sha256:6c8b153180f03318b8881933b106aff6fbaba1c736b1eebb85dda21e9a198594                       0.0s
 => => naming to docker.io/library/devops-practice-app                                                             0.0s
 => resolving provenance for metadata file                                                                         0.0s
[+] Running 5/5
 ✔ app                                     Built                                                                   0.0s
 ✔ Network devops-practice_default         Created                                                                 0.7s
 ✔ Volume "devops-practice_postgres_data"  Created                                                                 0.0s
 ✔ Container task91-db                     Healthy                                                                 7.4s
 ✔ Container task91-app                    Started                                                                 8.5s
kevo@Linux:~/devops-practice$ docker compose ps
NAME         IMAGE                 COMMAND                  SERVICE   CREATED          STATUS                    PORTS
task91-app   devops-practice-app   "python app.py"          app       47 seconds ago   Up 40 seconds             0.0.0.0:8000->8000/tcp, [::]:8000->8000/tcp
task91-db    postgres:16           "docker-entrypoint.s…"   db        48 seconds ago   Up 47 seconds (healthy)   5432/tcp
kevo@Linux:~/devops-practice$ docker compose logs db
task91-db  | The files belonging to this database system will be owned by user "postgres".
task91-db  | This user must also own the server process.
task91-db  |
task91-db  | The database cluster will be initialized with locale "en_US.utf8".
task91-db  | The default database encoding has accordingly been set to "UTF8".
task91-db  | The default text search configuration will be set to "english".
task91-db  |
task91-db  | Data page checksums are disabled.
task91-db  |
task91-db  | fixing permissions on existing directory /var/lib/postgresql/data ... ok
task91-db  | creating subdirectories ... ok
task91-db  | selecting dynamic shared memory implementation ... posix
task91-db  | selecting default max_connections ... 100
task91-db  | selecting default shared_buffers ... 128MB
task91-db  | selecting default time zone ... Etc/UTC
task91-db  | creating configuration files ... ok
task91-db  | running bootstrap script ... ok
task91-db  | performing post-bootstrap initialization ... ok
task91-db  | initdb: warning: enabling "trust" authentication for local connections
task91-db  | initdb: hint: You can change this by editing pg_hba.conf or using the option -A, or --auth-local and --auth-host, the next time you run initdb.
task91-db  | syncing data to disk ... ok
task91-db  |
task91-db  |
task91-db  | Success. You can now start the database server using:
task91-db  |
task91-db  |     pg_ctl -D /var/lib/postgresql/data -l logfile start
task91-db  |
task91-db  | waiting for server to start....2026-08-09 13:47:10.255 UTC [48] LOG:  starting PostgreSQL 16.14 (Debian 16.14-1.pgdg13+1) on x86_64-pc-linux-gnu, compiled by gcc (Debian 14.2.0-19) 14.2.0, 64-bit
task91-db  | 2026-08-09 13:47:10.268 UTC [48] LOG:  listening on Unix socket "/var/run/postgresql/.s.PGSQL.5432"
task91-db  | 2026-08-09 13:47:10.296 UTC [51] LOG:  database system was shut down at 2026-08-09 13:47:08 UTC
task91-db  | 2026-08-09 13:47:10.318 UTC [48] LOG:  database system is ready to accept connections
task91-db  |  done
task91-db  | server started
task91-db  | CREATE DATABASE
task91-db  |
task91-db  |
task91-db  | /usr/local/bin/docker-entrypoint.sh: ignoring /docker-entrypoint-initdb.d/*
task91-db  |
task91-db  | waiting for server to shut down....2026-08-09 13:47:10.935 UTC [48] LOG:  received fast shutdown request
task91-db  | 2026-08-09 13:47:10.938 UTC [48] LOG:  aborting any active transactions
task91-db  | 2026-08-09 13:47:10.939 UTC [48] LOG:  background worker "logical replication launcher" (PID 54) exited with exit code 1
task91-db  | 2026-08-09 13:47:10.943 UTC [49] LOG:  shutting down
task91-db  | 2026-08-09 13:47:10.962 UTC [49] LOG:  checkpoint starting: shutdown immediate
task91-db  | 2026-08-09 13:47:11.403 UTC [49] LOG:  checkpoint complete: wrote 926 buffers (5.7%); 0 WAL file(s) added, 0 removed, 0 recycled; write=0.193 s, sync=0.224 s, total=0.460 s; sync files=301, longest=0.015 s, average=0.001 s; distance=4273 kB, estimate=4273 kB; lsn=0/191F0E8, redo lsn=0/191F0E8
task91-db  | 2026-08-09 13:47:11.406 UTC [48] LOG:  database system is shut down
task91-db  |  done
task91-db  | server stopped
task91-db  |
task91-db  | PostgreSQL init process complete; ready for start up.
task91-db  |
task91-db  | 2026-08-09 13:47:11.568 UTC [1] LOG:  starting PostgreSQL 16.14 (Debian 16.14-1.pgdg13+1) on x86_64-pc-linux-gnu, compiled by gcc (Debian 14.2.0-19) 14.2.0, 64-bit
task91-db  | 2026-08-09 13:47:11.569 UTC [1] LOG:  listening on IPv4 address "0.0.0.0", port 5432
task91-db  | 2026-08-09 13:47:11.569 UTC [1] LOG:  listening on IPv6 address "::", port 5432
task91-db  | 2026-08-09 13:47:11.573 UTC [1] LOG:  listening on Unix socket "/var/run/postgresql/.s.PGSQL.5432"
task91-db  | 2026-08-09 13:47:11.579 UTC [64] LOG:  database system was shut down at 2026-08-09 13:47:11 UTC
task91-db  | 2026-08-09 13:47:11.583 UTC [1] LOG:  database system is ready to accept connections
kevo@Linux:~/devops-practice$ docker compose logs app
task91-app  |  * Serving Flask app 'app'
task91-app  |  * Debug mode: off
task91-app  | WARNING: This is a development server. Do not use it in a production deployment. Use a production WSGI server instead.
task91-app  |  * Running on all addresses (0.0.0.0)
task91-app  |  * Running on http://127.0.0.1:8000
task91-app  |  * Running on http://172.19.0.3:8000
task91-app  | Press CTRL+C to quit
kevo@Linux:~/devops-practice$ curl http://localhost:8000
привіт із контейнера, версія 1.0
kevo@Linux:~/devops-practice$ docker compose exec app sh
# getent host db
Unknown database: host
Try `getent --help' or `getent --usage' for more information.
# python -c "import socket; print(socket.gethostbyname('db'))"
172.19.0.2


kevo@Linux:~/devops-practice$ docker compose down
[+] Running 3/3
 ✔ Container task91-app             Removed                                                                                                                                                                                                                                        1.4s
 ✔ Container task91-db              Removed                                                                                                                                                                                                                                        1.0s
 ✔ Network devops-practice_default  Removed                                                                                                                                                                                                                                        0.3s
kevo@Linux:~/devops-practice$ docker compose up -d
[+] Running 3/3
 ✔ Network devops-practice_default  Created                                                                                                                                                                                                                                        0.5s
 ✔ Container task91-db              Healthy                                                                                                                                                                                                                                        7.9s
 ✔ Container task91-app             Started                                                                                                                                                                                                                                        9.1s
kevo@Linux:~/devops-practice$ docker compose ps
NAME         IMAGE                 COMMAND                  SERVICE   CREATED          STATUS                    PORTS
task91-app   devops-practice-app   "python app.py"          app       17 seconds ago   Up 10 seconds             0.0.0.0:8000->8000/tcp, [::]:8000->8000/tcp


kevo@Linux:~/devops-practice$ docker compose ps
NAME         IMAGE                 COMMAND                  SERVICE   CREATED              STATUS                        PORTS
task91-app   devops-practice-app   "python app.py"          app       About a minute ago   Up About a minute             0.0.0.0:8000->8000/tcp, [::]:8000->8000/tcp
task91-db    postgres:16           "docker-entrypoint.s…"   db        About a minute ago   Up About a minute (healthy)   5432/tcp
kevo@Linux:~/devops-practice$ nano compose.yaml
kevo@Linux:~/devops-practice$ nano compose.yaml
kevo@Linux:~/devops-practice$ docker compose down
[+] Running 3/3
 ✔ Container task91-app             Removed                                                                                                                                                                                                                                        1.0s
 ✔ Container task91-db              Removed                                                                                                                                                                                                                                        1.6s
 ✔ Network devops-practice_default  Removed                                                                                                                                                                                                                                        0.3s
kevo@Linux:~/devops-practice$ docker compose up -d
[+] Running 3/3
 ✔ Network devops-practice_default  Created                                                                                                                                                                                                                                        0.5s
 ✘ Container task91-db              Error                                                                                                                                                                                                                                         29.7s
 ✔ Container task91-app             Created                                                                                                                                                                                                                                        0.2s
dependency failed to start: container task91-db is unhealthy
kevo@Linux:~/devops-practice$ docker compose ps
NAME        IMAGE         COMMAND                  SERVICE   CREATED         STATUS                     PORTS
task91-db   postgres:16   "docker-entrypoint.s…"   db        2 minutes ago   Up 2 minutes (unhealthy)   5432/tcp
kevo@Linux:~/devops-practice$ docker compose down
[+] Running 3/3
 ✔ Container task91-app             Removed                                                                                                                                                                                                                                        0.0s
 ✔ Container task91-db              Removed                                                                                                                                                                                                                                        1.1s
 ✔ Network devops-practice_default  Removed                                                                                                                                                                                                                                        0.3s
kevo@Linux:~/devops-practice$ nano compose.yaml
kevo@Linux:~/devops-practice$ docker compose down
validating /home/kevo/devops-practice/compose.yaml: services.db.ports must be a array
kevo@Linux:~/devops-practice$ nano compose.yaml
kevo@Linux:~/devops-practice$ docker compose down
kevo@Linux:~/devops-practice$ docker compose up -d
[+] Running 3/3
 ✔ Network devops-practice_default  Created                                                                                                                                                                                                                                        0.5s
 ✘ Container devops-practice-db-1   Error                                                                                                                                                                                                                                         30.0s
 ✔ Container task91-app             Created                                                                                                                                                                                                                                        0.1s
dependency failed to start: container devops-practice-db-1 is unhealthy
kevo@Linux:~/devops-practice$ nano compose.yaml
kevo@Linux:~/devops-practice$ docker compose up -d
[+] Running 2/2
 ✔ Container devops-practice-db-1  Healthy                                                                                                                                                                                                                                         9.1s
 ✔ Container task91-app            Started                                                                                                                                                                                                                                         1.7s
kevo@Linux:~/devops-practice$ docker compose ps
NAME                   IMAGE                 COMMAND                  SERVICE   CREATED              STATUS                    PORTS
devops-practice-db-1   postgres:16           "docker-entrypoint.s…"   db        15 seconds ago       Up 13 seconds (healthy)   0.0.0.0:5432->5432/tcp, [::]:5432->5432/tcp
task91-app             devops-practice-app   "python app.py"          app       About a minute ago   Up 6 seconds              0.0.0.0:8000->8000/tcp, [::]:8000->8000/tcp
kevo@Linux:~/devops-practice$ nano compose.yaml
kevo@Linux:~/devops-practice$ docker compose up -d
[+] Running 2/2
 ✔ Container devops-practice-db-1  Healthy                                                                                                                                                                                                                                         8.6s
 ✔ Container task91-app            Running                                                                                                                                                                                                                                         0.0s
kevo@Linux:~/devops-practice$ docker copose ps
docker: unknown command: docker copose

Run 'docker --help' for more information
kevo@Linux:~/devops-practice$ docker compose ps
NAME                   IMAGE                 COMMAND                  SERVICE   CREATED          STATUS                    PORTS
devops-practice-db-1   postgres:16           "docker-entrypoint.s…"   db        27 seconds ago   Up 25 seconds (healthy)   5432/tcp
task91-app             devops-practice-app   "python app.py"          app       2 minutes ago    Up About a minute         0.0.0.0:8000->8000/tcp, [::]:8000->8000/tcp
kevo@Linux:~/devops-practice$
